bash: Support: command not found
]0;~/Desktop/2017 Fall/STAT560/Presentation[?1034hswg257-01c8lf:Presentation kruny1001$ [Kswg257-01c8lf:Presentation kruny1001$ open .
]0;~/Desktop/2017 Fall/STAT560/Presentationswg257-01c8lf:Presentation kruny1001$ [Kswg257-01c8lf:Presentation kruny1001$ open .
bash: Support: command not found
]0;~/Desktop/2017 Fall/STAT560/Presentation[?1034hshh119-00c4lg:Presentation kruny1001$ [Kshh119-00c4lg:Presentation kruny1001$ open .
bash: Support: command not found
]0;~/Documents/iCollections/School/School/2017 Fall/STAT560/Presentation[?1034hsad208g-00a3la:Presentation kruny1001$ [Ksad208g-00a3la:Presentation kruny10011$ open .
bash: Support: command not found
]0;~/Documents/iCollections/School/School/2017 Fall/STAT560/Presentation[?1034hkevins-MacBook-Pro:Presentation krunyy1001$ [K[Akevins-MacBook-Pro:Presentation kruny1001$ open. [K[K .
]0;~/Documents/iCollections/School/School/2017 Fall/STAT560/Presentationkevins-MacBook-Pro:Presentation kruny1001$ [Kkevins-MacBook-Pro:Presentation krunyy1001$ [K[Akevins-MacBook-Pro:Presentation kruny1001$ toucn .gitignore [A[C[C[C[C[C[C[C[C[C[C[C[C[C[C[C[C[C[C[C[C[C[C[C[C[C[C[C[C[C[C[C[C[C[C[C[C[C[C[C[C[C[C[C[C[C[C[C[C[C[C[C[C[C[C[C[C[C[C[Ke
bash: toucn: command not found
]0;~/Documents/iCollections/School/School/2017 Fall/STAT560/Presentationkevins-MacBook-Pro:Presentation kruny1001$ open .
bash: Support: command not found
]0;~/Documents/iCollections/School/School/2017 Fall/STAT560/Presentation[?1034hlizabeth-pc:Presentation kruny1001$ [Klizabeth-pc:Presentation kruny10011$ git init
Reinitialized existing Git repository in /Users/kruny1001/Documents/iCollections/School/School/2017 Fall/STAT560/Presentation/.git/
]0;~/Documents/iCollections/School/School/2017 Fall/STAT560/Presentationlizabeth-pc:Presentation kruny10011$ git add .
]0;~/Documents/iCollections/School/School/2017 Fall/STAT560/Presentationlizabeth-pc:Presentation kruny10011$ git commit -m "first commit"
[master 94a4b80] first commit
 45 files changed, 89 insertions(+), 5464 deletions(-)
 rewrite .Rproj.user/574E333C/console06/INDEX001 (87%)
 delete mode 100644 .Rproj.user/574E333C/sources/s-3220BC8F/49759359
 delete mode 100644 .Rproj.user/574E333C/sources/s-3220BC8F/49759359-contents
 delete mode 100644 .Rproj.user/574E333C/sources/s-3220BC8F/4FFAB5D2-contents
 delete mode 100644 .Rproj.user/574E333C/sources/s-3220BC8F/6A15E090
 delete mode 100644 .Rproj.user/574E333C/sources/s-3220BC8F/6A15E090-contents
 delete mode 100644 .Rproj.user/574E333C/sources/s-3220BC8F/8E012938
 delete mode 100644 .Rproj.user/574E333C/sources/s-3220BC8F/8E012938-contents
 delete mode 100644 .Rproj.user/574E333C/sources/s-3220BC8F/lock_file
 delete mode 100644 .Rproj.user/shared/notebooks/37FBF15A-Presentation/1/s/c060sfhqf4hrf/000006.csv
 delete mode 100644 .Rproj.user/shared/notebooks/37FBF15A-Presentation/1/s/c060sfhqf4hrf/000007.html
 delete mode 100644 .Rproj.user/shared/notebooks/37FBF15A-Presentation/1/s/c060sfhqf4hrf/000007.metadata
 delete mode 100644 .Rproj.user/shared/notebooks/37FBF15A-Presentation/1/s/c9c6d0utsmv76/00000a.csv
 delete mode 100644 .Rproj.user/shared/notebooks/37FBF15A-Presentation/1/s/cc1nszrt0xxt3/000002.csv
 delete mode 100644 .Rproj.user/shared/notebooks/37FBF15A-Presentation/1/s/cdjb4cbcxgdsr/000002.csv
 rewrite .Rproj.user/shared/notebooks/37FBF15A-Presentation/1/s/chunks.json (100%)
 delete mode 100644 .Rproj.user/shared/notebooks/37FBF15A-Presentation/1/s/cjiy64uw6j36x/000002.csv
 delete mode 100644 .Rproj.user/shared/notebooks/37FBF15A-Presentation/1/s/cklyo1naem75o/000002.csv
 delete mode 100644 .Rproj.user/shared/notebooks/37FBF15A-Presentation/1/s/cplngrel0vhx4/000002.csv
 delete mode 100644 .Rproj.user/shared/notebooks/37FBF15A-Presentation/1/s/cs7thwyaeffuq/00000a.csv
 delete mode 100644 .Rproj.user/shared/notebooks/37FBF15A-Presentation/1/s/cs7thwyaeffuq/00000b.metadata
 delete mode 100644 .Rproj.user/shared/notebooks/37FBF15A-Presentation/1/s/cs7thwyaeffuq/00000b.png
 delete mode 100644 .Rproj.user/shared/notebooks/37FBF15A-Presentation/1/s/cs7thwyaeffuq/00000b.snapshot
 delete mode 100644 .Rproj.user/shared/notebooks/37FBF15A-Presentation/1/s/cs7thwyaeffuq/00000c.csv
 delete mode 100644 .Rproj.user/shared/notebooks/37FBF15A-Presentation/1/s/cs7thwyaeffuq/00000d.metadata
 delete mode 100644 .Rproj.user/shared/notebooks/37FBF15A-Presentation/1/s/cs7thwyaeffuq/00000d.png
 delete mode 100644 .Rproj.user/shared/notebooks/37FBF15A-Presentation/1/s/cs7thwyaeffuq/00000d.snapshot
 delete mode 100644 .Rproj.user/shared/notebooks/37FBF15A-Presentation/1/s/cs7thwyaeffuq/00000e.csv
 delete mode 100644 .Rproj.user/shared/notebooks/37FBF15A-Presentation/1/s/csetup_chunk/000002.csv
 delete mode 100644 .Rproj.user/shared/notebooks/37FBF15A-Presentation/1/s/cv3x729gihpcx/000006.csv
 delete mode 100644 .Rproj.user/shared/notebooks/37FBF15A-Presentation/1/s/cv3x729gihpcx/000007.html
 delete mode 100644 .Rproj.user/shared/notebooks/37FBF15A-Presentation/1/s/cv3x729gihpcx/000007.metadata
 delete mode 100644 .Rproj.user/shared/notebooks/37FBF15A-Presentation/1/s/czaz1r48dblwj/000006.csv
 delete mode 100644 .Rproj.user/shared/notebooks/37FBF15A-Presentation/1/s/czaz1r48dblwj/000007.metadata
 delete mode 100644 .Rproj.user/shared/notebooks/37FBF15A-Presentation/1/s/czaz1r48dblwj/000007.rdf
 create mode 100644 ga.rga
]0;~/Documents/iCollections/School/School/2017 Fall/STAT560/Presentationlizabeth-pc:Presentation kruny10011$ git remote add origin https:// github.com/kruny1001/tsProject201 7.git
fatal: remote origin already exists.
]0;~/Documents/iCollections/School/School/2017 Fall/STAT560/Presentationlizabeth-pc:Presentation kruny10011$ git push -u origin master
Counting objects: 25, done.
Delta compression using up to 8 threads.
Compressing objects:   5% (1/20)   Compressing objects:  10% (2/20)   Compressing objects:  15% (3/20)   Compressing objects:  20% (4/20)   Compressing objects:  25% (5/20)   Compressing objects:  30% (6/20)   Compressing objects:  35% (7/20)   Compressing objects:  40% (8/20)   Compressing objects:  45% (9/20)   Compressing objects:  50% (10/20)   Compressing objects:  55% (11/20)   Compressing objects:  60% (12/20)   Compressing objects:  65% (13/20)   Compressing objects:  70% (14/20)   Compressing objects:  75% (15/20)   Compressing objects:  80% (16/20)   Compressing objects:  85% (17/20)   Compressing objects:  90% (18/20)   Compressing objects:  95% (19/20)   Compressing objects: 100% (20/20)   Compressing objects: 100% (20/20), done.
Writing objects:   4% (1/25)   Writing objects:   8% (2/25)   Writing objects:  12% (3/25)   Writing objects:  16% (4/25)   Writing objects:  20% (5/25)   Writing objects:  24% (6/25)   Writing objects:  28% (7/25)   Writing objects:  32% (8/25)   Writing objects:  36% (9/25)   Writing objects:  40% (10/25)   Writing objects:  44% (11/25)   Writing objects:  48% (12/25)   Writing objects:  52% (13/25)   Writing objects:  56% (14/25)   Writing objects:  60% (15/25)   Writing objects:  64% (16/25)   Writing objects:  68% (17/25)   Writing objects:  72% (18/25)   Writing objects:  76% (19/25)   Writing objects:  80% (20/25)   Writing objects:  84% (21/25)   Writing objects:  88% (22/25)   Writing objects:  92% (23/25)   Writing objects:  96% (24/25)   Writing objects: 100% (25/25)   Writing objects: 100% (25/25), 19.81 KiB | 0 bytes/s, done.
Total 25 (delta 11), reused 0 (delta 0)
remote: Resolving deltas:   0% (0/11)   [Kremote: Resolving deltas:   9% (1/11)   [Kremote: Resolving deltas:  18% (2/11)   [Kremote: Resolving deltas:  27% (3/11)   [Kremote: Resolving deltas:  36% (4/11)   [Kremote: Resolving deltas:  45% (5/11)   [Kremote: Resolving deltas:  54% (6/11)   [Kremote: Resolving deltas:  63% (7/11)   [Kremote: Resolving deltas:  72% (8/11)   [Kremote: Resolving deltas:  81% (9/11)   [Kremote: Resolving deltas:  90% (10/11)   [Kremote: Resolving deltas: 100% (11/11)   [Kremote: Resolving deltas: 100% (11/11), completed with 11 local objects.[K
To https://github.com/kruny1001/tsProject.git
   522d8d6..94a4b80  master -> master
Branch master set up to track remote branch master from origin.
]0;~/Documents/iCollections/School/School/2017 Fall/STAT560/Presentationlizabeth-pc:Presentation kruny10011$ git push -u origin master
Branch master set up to track remote branch master from origin.
Everything up-to-date
]0;~/Documents/iCollections/School/School/2017 Fall/STAT560/Presentationlizabeth-pc:Presentation kruny10011$ git status
On branch master
Your branch is up-to-date with 'origin/master'.
Changes not staged for commit:
  (use "git add <file>..." to update what will be committed)
  (use "git checkout -- <file>..." to discard changes in working directory)

	[31mmodified:   .Rproj.user/574E333C/console06/EE9FD9E0[m

no changes added to commit (use "git add" and/or "git commit -a")
]0;~/Documents/iCollections/School/School/2017 Fall/STAT560/Presentationlizabeth-pc:Presentation kruny10011$ [K[Alizabeth-pc:Presentation kruny1001$ open .
]0;~/Documents/iCollections/School/School/2017 Fall/STAT560/Presentationlizabeth-pc:Presentation kruny1001$ 
HEAD is now at 57cdbeb aa
]0;~/Documents/iCollections/School/School/2017 Fall/STAT560/Presentationlizabeth-pc:Presentation kruny1001$ git add .
]0;~/Documents/iCollections/School/School/2017 Fall/STAT560/Presentationlizabeth-pc:Presentation kruny1001$ git status
On branch master
Your branch is up-to-date with 'origin/master'.
Changes to be committed:
  (use "git reset HEAD <file>..." to unstage)

	[32mmodified:   .Rproj.user/574E333C/console06/EE9FD9E0[m

Changes not staged for commit:
  (use "git add <file>..." to update what will be committed)
  (use "git checkout -- <file>..." to discard changes in working directory)

	[31mmodified:   .Rproj.user/574E333C/console06/EE9FD9E0[m

]0;~/Documents/iCollections/School/School/2017 Fall/STAT560/Presentationlizabeth-pc:Presentation kruny1001$ git add .